{
  "integrity": "PASS",
  "runs": 36,
  "bins": 720,
  "measurements": 720000,
  "sign": 1.0,
  "density": 1.0,
  "matrix": "Independent periodic-bond construction matches every run",
  "statistics": "SE of four independent seed means; all seeds retained; paired Szz/Sperp differences",
  "total_cpu_run_seconds": 2428.9484918117523,
  "min_three_point_fit_p": 0.0818622785375602,
  "max_abs_su2_Q_z": 3.7818422901053093,
  "max_abs_all_q_su2_z": 5.281527253690389,
  "low_temperature_fits": [
    {
      "beta": 16,
      "observable": "E_per_site",
      "mean": -0.8488410004045874,
      "se": 0.001357819313771093,
      "slope": -1.8350948145626849,
      "chi2": 0.25788769403297573,
      "dof": 1,
      "p": 0.6115750651395919,
      "ed": -0.8513659263226477,
      "z_ed": 1.8595448543501631
    },
    {
      "beta": 16,
      "observable": "D",
      "mean": 0.11562735999504306,
      "se": 0.00016931915690704142,
      "slope": -0.31200472641821997,
      "chi2": 0.8200934692054511,
      "dof": 1,
      "p": 0.3651528390539874,
      "ed": 0.11512556065,
      "z_ed": 2.9636300712184367
    },
    {
      "beta": 16,
      "observable": "Szz_Q",
      "mean": 0.8893940833363838,
      "se": 0.008396992135004533,
      "slope": 2.388466779822754,
      "chi2": 1.4837207895838438,
      "dof": 1,
      "p": 0.22319327644904385,
      "ed": 0.9118832201411449,
      "z_ed": -2.678237211990543
    },
    {
      "beta": 16,
      "observable": "Sperp_Q",
      "mean": 1.7814216710874355,
      "se": 0.02435575088896558,
      "slope": -2.558508013609823,
      "chi2": 0.20714379503013025,
      "dof": 1,
      "p": 0.6490153385643788,
      "ed": 1.8237664402822897,
      "z_ed": -1.7385942805827665
    },
    {
      "beta": 16,
      "observable": "S_Q",
      "mean": 2.679231705282553,
      "se": 0.018922697503339102,
      "slope": -1.163617286927431,
      "chi2": 8.703502800510817e-05,
      "dof": 1,
      "p": 0.9925564382004349,
      "ed": 2.7356496604234346,
      "z_ed": -2.9814964346878208
    },
    {
      "beta": 16,
      "observable": "SU2_Q",
      "mean": 0.020618028168567042,
      "se": 0.02004557298994013,
      "slope": -8.667098295857201,
      "chi2": 1.1420425091967963,
      "dof": 1,
      "p": 0.28522114842201024,
      "ed": 0.0,
      "z_ed": 1.028557685974564
    },
    {
      "beta": 16,
      "observable": "Szz_0",
      "mean": 0.007792371418857259,
      "se": 0.000660511578820059,
      "slope": 0.3326646854813663,
      "chi2": 3.0275353810809342,
      "dof": 1,
      "p": 0.0818622785375602,
      "ed": 0.0,
      "z_ed": 11.797478906846097
    }
  ],
  "plateau": [
    {
      "observable": "E_per_site",
      "b16_minus_b8": -0.005402895195201651,
      "se": 0.0017125938377462637,
      "z": -3.1548024266581174
    },
    {
      "observable": "D",
      "b16_minus_b8": -0.001784467283423588,
      "se": 0.0002248678573632506,
      "z": -7.935626302255226
    },
    {
      "observable": "Szz_Q",
      "b16_minus_b8": 0.0430003722496477,
      "se": 0.011078215094979449,
      "z": 3.8815253071891607
    },
    {
      "observable": "Sperp_Q",
      "b16_minus_b8": 0.01730265033313705,
      "se": 0.040212730966826316,
      "z": 0.43027792236769374
    },
    {
      "observable": "S_Q",
      "b16_minus_b8": 0.08009920697607109,
      "se": 0.043828991372274854,
      "z": 1.8275393630604944
    },
    {
      "observable": "SU2_Q",
      "b16_minus_b8": -0.07595171092083315,
      "se": 0.037159640935771766,
      "z": -2.043930162083944
    },
    {
      "observable": "Szz_0",
      "b16_minus_b8": -0.020766405729650383,
      "se": 0.0008474684235816687,
      "z": -24.504046583688634
    }
  ],
  "scope": "Exploratory comparison. No claim of rigorous ground-state convergence or of a formal pass/fail physics gate."
}
