{
  "integrity": "PASS",
  "matched_pairs": 36,
  "app_manifest_verified_files": 382,
  "only_input_change": "bc_x=antiperiodic -> bc_x=periodic",
  "primary_error_method": "SE across four independent seeds per parameter; paired between boundaries",
  "interpretation": "Exploratory diagnostic, with few-seed uncertainty and finite-temperature/systematic effects. Nominal z ratios are not formal multiple-testing significance claims.",
  "boundaries": [
    {
      "boundary": "AP/P",
      "runs": 36,
      "bins": 720,
      "max_finite_step_su2_Q_z": 2.459472421508475,
      "max_all_q_su2_z": 21.762116951424726,
      "all_q_su2_nominal_gt3": 15,
      "all_q_su2_entries": 144,
      "max_half_run_drift_z": 7.860188702858228,
      "beta16": [
        {
          "beta": "16",
          "observable": "E_per_site",
          "mean": "-0.9119226652828303",
          "se": "0.00059126050939086",
          "slope": "-1.9409426095801283",
          "chi2": "0.055482434705677694",
          "dof": "1",
          "p": "0.8137841291408259",
          "ed": "-0.9120936825597628",
          "z_ed": "0.2892418387770583"
        },
        {
          "beta": "16",
          "observable": "D",
          "mean": "0.14383561115175206",
          "se": "9.99558591681058e-05",
          "slope": "-0.30484385799300195",
          "chi2": "0.03191769689578236",
          "dof": "1",
          "p": "0.858208412286005",
          "ed": "0.1438872044875",
          "z_ed": "-0.5161611953249904"
        },
        {
          "beta": "16",
          "observable": "Szz_Q",
          "mean": "0.6381705675223962",
          "se": "0.002137533607198835",
          "slope": "1.0031443295497169",
          "chi2": "0.05126453389757171",
          "dof": "1",
          "p": "0.8208773200685029",
          "ed": "0.6351713762239583",
          "z_ed": "1.4031083714132997"
        },
        {
          "beta": "16",
          "observable": "Sperp_Q",
          "mean": "1.2560559700178464",
          "se": "0.0033935650557778666",
          "slope": "3.3149798560891446",
          "chi2": "0.07681481373374466",
          "dof": "1",
          "p": "0.7816612025708233",
          "ed": "1.2703427524479165",
          "z_ed": "-4.209962736899794"
        },
        {
          "beta": "16",
          "observable": "S_Q",
          "mean": "1.8935093223867994",
          "se": "0.003223509292283215",
          "slope": "4.38828408042949",
          "chi2": "0.11212275045201228",
          "dof": "1",
          "p": "0.7377402371252153",
          "ed": "1.9055141286718746",
          "z_ed": "-3.7241419820981063"
        },
        {
          "beta": "16",
          "observable": "SU2_Q",
          "mean": "-0.021256883156193743",
          "se": "0.006710540394730097",
          "slope": "1.389976795750066",
          "chi2": "0.005866422576227133",
          "dof": "1",
          "p": "0.9389476657328598",
          "ed": "0.0",
          "z_ed": "-3.1676857459776473"
        },
        {
          "beta": "16",
          "observable": "Szz_0",
          "mean": "1.032951463952014e-06",
          "se": "1.0405474586697115e-05",
          "slope": "-0.0001331000378029524",
          "chi2": "7.171872521146874",
          "dof": "1",
          "p": "0.007405543573240362",
          "ed": "0.0",
          "z_ed": "0.09927000016631546"
        }
      ]
    },
    {
      "boundary": "P/P",
      "runs": 36,
      "bins": 720,
      "max_finite_step_su2_Q_z": 3.7818422901053093,
      "max_all_q_su2_z": 5.281527253690389,
      "all_q_su2_nominal_gt3": 10,
      "all_q_su2_entries": 144,
      "max_half_run_drift_z": 4.190290805731626,
      "beta16": [
        {
          "beta": "16",
          "observable": "E_per_site",
          "mean": "-0.8488410004045874",
          "se": "0.001357819313771093",
          "slope": "-1.8350948145626849",
          "chi2": "0.25788769403297573",
          "dof": "1",
          "p": "0.6115750651395919",
          "ed": "-0.8513659263226477",
          "z_ed": "1.8595448543501631"
        },
        {
          "beta": "16",
          "observable": "D",
          "mean": "0.11562735999504306",
          "se": "0.00016931915690704142",
          "slope": "-0.31200472641821997",
          "chi2": "0.8200934692054511",
          "dof": "1",
          "p": "0.3651528390539874",
          "ed": "0.11512556065",
          "z_ed": "2.9636300712184367"
        },
        {
          "beta": "16",
          "observable": "Szz_Q",
          "mean": "0.8893940833363838",
          "se": "0.008396992135004533",
          "slope": "2.388466779822754",
          "chi2": "1.4837207895838438",
          "dof": "1",
          "p": "0.22319327644904385",
          "ed": "0.9118832201411449",
          "z_ed": "-2.678237211990543"
        },
        {
          "beta": "16",
          "observable": "Sperp_Q",
          "mean": "1.7814216710874355",
          "se": "0.02435575088896558",
          "slope": "-2.558508013609823",
          "chi2": "0.20714379503013025",
          "dof": "1",
          "p": "0.6490153385643788",
          "ed": "1.8237664402822897",
          "z_ed": "-1.7385942805827665"
        },
        {
          "beta": "16",
          "observable": "S_Q",
          "mean": "2.679231705282553",
          "se": "0.018922697503339102",
          "slope": "-1.163617286927431",
          "chi2": "8.703502800510817e-05",
          "dof": "1",
          "p": "0.9925564382004349",
          "ed": "2.7356496604234346",
          "z_ed": "-2.9814964346878208"
        },
        {
          "beta": "16",
          "observable": "SU2_Q",
          "mean": "0.020618028168567042",
          "se": "0.02004557298994013",
          "slope": "-8.667098295857201",
          "chi2": "1.1420425091967963",
          "dof": "1",
          "p": "0.28522114842201024",
          "ed": "0.0",
          "z_ed": "1.028557685974564"
        },
        {
          "beta": "16",
          "observable": "Szz_0",
          "mean": "0.007792371418857259",
          "se": "0.000660511578820059",
          "slope": "0.3326646854813663",
          "chi2": "3.0275353810809342",
          "dof": "1",
          "p": "0.0818622785375602",
          "ed": "0.0",
          "z_ed": "11.797478906846097"
        }
      ]
    }
  ],
  "beta16_paired_residuals": [
    {
      "beta": 16,
      "observable": "E_per_site",
      "mean": -0.0025864202921694886,
      "se": 0.0012297691834754168,
      "slope": -0.10017580986645912,
      "chi2": 0.48704483963145906,
      "dof": 1,
      "p": 0.4852485035550659,
      "z": -2.1031753982158485
    },
    {
      "beta": 16,
      "observable": "D",
      "mean": -0.0005059060827142879,
      "se": 0.00015085154926282738,
      "slope": 0.00340644370353925,
      "chi2": 0.7789404056813575,
      "dof": 1,
      "p": 0.3774653973894051,
      "z": -3.3536684587365553
    },
    {
      "beta": 16,
      "observable": "Szz_Q",
      "mean": 0.02510424340395128,
      "se": 0.010005982382848756,
      "slope": -1.2475833400276102,
      "chi2": 0.9601271018085524,
      "dof": 1,
      "p": 0.3271548566602605,
      "z": 2.508923406359623
    },
    {
      "beta": 16,
      "observable": "Sperp_Q",
      "mean": 0.026533289802389302,
      "se": 0.024696244858439912,
      "slope": 5.9836767246204285,
      "chi2": 0.24529890249638936,
      "dof": 1,
      "p": 0.62040489197168,
      "z": 1.074385598072882
    },
    {
      "beta": 16,
      "observable": "S_Q",
      "mean": 0.046693834314343374,
      "se": 0.022023137811037524,
      "slope": 5.365406640284221,
      "chi2": 0.0028906576371346927,
      "dof": 1,
      "p": 0.9571225254369026,
      "z": 2.120217142306644
    },
    {
      "beta": 16,
      "observable": "SU2_Q",
      "mean": -0.045578040133459286,
      "se": 0.014309723548638738,
      "slope": 10.285577262447347,
      "chi2": 1.0149452457914343,
      "dof": 1,
      "p": 0.31372101905395,
      "z": -3.185109759705669
    },
    {
      "beta": 16,
      "observable": "Szz_0",
      "mean": -0.007813094241204417,
      "se": 0.0006630830059728218,
      "slope": -0.32017147000987406,
      "chi2": 2.9135559127105957,
      "dof": 1,
      "p": 0.08783801052563699,
      "z": -11.78298066882543
    }
  ]
}
