{
  "integrity": "PASS",
  "runs": 36,
  "bins": 720,
  "measurements": 720000,
  "sign": 1.0,
  "density": 1.0,
  "matrix": "Independent signed-bond construction matches every run",
  "statistics": "SE of four independent seed means; all seeds retained; paired Szz/Sperp differences",
  "total_cpu_run_seconds": 2212.631297826767,
  "min_three_point_fit_p": 0.007405543573240362,
  "max_abs_su2_Q_z": 2.459472421508475,
  "max_abs_all_q_su2_z": 21.762116951424726,
  "low_temperature_fits": [
    {
      "beta": 16,
      "observable": "E_per_site",
      "mean": -0.9119226652828303,
      "se": 0.00059126050939086,
      "slope": -1.9409426095801283,
      "chi2": 0.055482434705677694,
      "dof": 1,
      "p": 0.8137841291408259,
      "ed": -0.9120936825597628,
      "z_ed": 0.2892418387770583
    },
    {
      "beta": 16,
      "observable": "D",
      "mean": 0.14383561115175206,
      "se": 9.99558591681058e-05,
      "slope": -0.30484385799300195,
      "chi2": 0.03191769689578236,
      "dof": 1,
      "p": 0.858208412286005,
      "ed": 0.1438872044875,
      "z_ed": -0.5161611953249904
    },
    {
      "beta": 16,
      "observable": "Szz_Q",
      "mean": 0.6381705675223962,
      "se": 0.002137533607198835,
      "slope": 1.0031443295497169,
      "chi2": 0.05126453389757171,
      "dof": 1,
      "p": 0.8208773200685029,
      "ed": 0.6351713762239583,
      "z_ed": 1.4031083714132997
    },
    {
      "beta": 16,
      "observable": "Sperp_Q",
      "mean": 1.2560559700178464,
      "se": 0.0033935650557778666,
      "slope": 3.3149798560891446,
      "chi2": 0.07681481373374466,
      "dof": 1,
      "p": 0.7816612025708233,
      "ed": 1.2703427524479165,
      "z_ed": -4.209962736899794
    },
    {
      "beta": 16,
      "observable": "S_Q",
      "mean": 1.8935093223867994,
      "se": 0.003223509292283215,
      "slope": 4.38828408042949,
      "chi2": 0.11212275045201228,
      "dof": 1,
      "p": 0.7377402371252153,
      "ed": 1.9055141286718746,
      "z_ed": -3.7241419820981063
    },
    {
      "beta": 16,
      "observable": "SU2_Q",
      "mean": -0.021256883156193743,
      "se": 0.006710540394730097,
      "slope": 1.389976795750066,
      "chi2": 0.005866422576227133,
      "dof": 1,
      "p": 0.9389476657328598,
      "ed": 0.0,
      "z_ed": -3.1676857459776473
    },
    {
      "beta": 16,
      "observable": "Szz_0",
      "mean": 1.032951463952014e-06,
      "se": 1.0405474586697115e-05,
      "slope": -0.0001331000378029524,
      "chi2": 7.171872521146874,
      "dof": 1,
      "p": 0.007405543573240362,
      "ed": 0.0,
      "z_ed": 0.09927000016631546
    }
  ],
  "plateau": [
    {
      "observable": "E_per_site",
      "b16_minus_b8": -0.0019732835461792053,
      "se": 0.0007601787634991823,
      "z": -2.5958151436590717
    },
    {
      "observable": "D",
      "b16_minus_b8": 0.0002682991799512757,
      "se": 0.0001234211321070846,
      "z": 2.1738512309098716
    },
    {
      "observable": "Szz_Q",
      "b16_minus_b8": 0.0021938182943702644,
      "se": 0.003141145682083347,
      "z": 0.6984134186718863
    },
    {
      "observable": "Sperp_Q",
      "b16_minus_b8": -0.015710480854011166,
      "se": 0.0066003560303030465,
      "z": -2.3802474869359194
    },
    {
      "observable": "S_Q",
      "b16_minus_b8": -0.013512134536474152,
      "se": 0.006799552885310589,
      "z": -1.9872092716074148
    },
    {
      "observable": "SU2_Q",
      "b16_minus_b8": -0.01946901484709065,
      "se": 0.0097110689186183,
      "z": -2.0048271730173988
    },
    {
      "observable": "Szz_0",
      "b16_minus_b8": -0.0019005492224535804,
      "se": 0.00011603522751965966,
      "z": -16.379070934570912
    }
  ],
  "scope": "Exploratory comparison. No claim of rigorous ground-state convergence or of a formal pass/fail physics gate."
}
